
> homedify-frontend@1.0.0 build
> vite build

[36mvite v5.4.21 [32mbuilding for production...[36m[39m
transforming...
[32mΓ£ô[39m 72 modules transformed.
node.exe : [31mx[39m Build failed in 3.19s
At line:1 char:1
+ & "C:\Program Files\nodejs/node.exe" "C:\Program Files\nodejs/node_mo ...
+ ~~~~~~~~~~~~~~~~~~~~~~~~~~~~~~~~~~~~~~~~~~~~~~~~~~~~~~~~~~~~~~~~~~~~~
    + CategoryInfo          : NotSpecified: ([31mx[39m Build failed in 3.19s:String) [], RemoteException
    + FullyQualifiedErrorId : NativeCommandError
 
[31merror during build:
[31m[vite:esbuild] Transform failed with 3 errors:
E:/Homedify/frontend/src/pages/AdminDashboard.jsx:2817:8: ERROR: Unexpected closing "Layout" tag does not match 
opening "div" tag
E:/Homedify/frontend/src/pages/AdminDashboard.jsx:2818:6: ERROR: Unexpected closing "div" tag does not match opening 
"ConfigProvider" tag
E:/Homedify/frontend/src/pages/AdminDashboard.jsx:2819:19: ERROR: Unterminated regular expression[31m
file: [36mE:/Homedify/frontend/src/pages/AdminDashboard.jsx:2817:8[31m
[33m
[33mUnexpected closing "Layout" tag does not match opening "div" tag[33m
2815|          `}</style>
2816|          </Layout>
2817|        </Layout>
   |          ^
2818|      </div>
2819|    </ConfigProvider>

[33mUnexpected closing "div" tag does not match opening "ConfigProvider" tag[33m
2816|          </Layout>
2817|        </Layout>
2818|      </div>
   |        ^
2819|    </ConfigProvider>
2820|    )

[33mUnterminated regular expression[33m
2817|        </Layout>
2818|      </div>
2819|    </ConfigProvider>
   |                     ^
2820|    )
2821|  }
[31m
    at failureErrorWithLog (E:\Homedify\frontend\node_modules\esbuild\lib\main.js:1472:15)
    at E:\Homedify\frontend\node_modules\esbuild\lib\main.js:755:50
    at responseCallbacks.<computed> (E:\Homedify\frontend\node_modules\esbuild\lib\main.js:622:9)
    at handleIncomingPacket (E:\Homedify\frontend\node_modules\esbuild\lib\main.js:677:12)
    at Socket.readFromStdout (E:\Homedify\frontend\node_modules\esbuild\lib\main.js:600:7)
    at Socket.emit (node:events:508:28)
    at addChunk (node:internal/streams/readable:559:12)
    at readableAddChunkPushByteMode (node:internal/streams/readable:510:3)
    at Readable.push (node:internal/streams/readable:390:5)
    at Pipe.onStreamRead (node:internal/stream_base_commons:189:23)[39m
